-
    url: /posts
    title: Blog
    attributes: {  }
-
    url: /topics
    title: Topics
    attributes: {  }
