-
    url: /
    title: Home
    active: false
    attributes: {  }
    children: {  }
-
    url: /posts
    title: Blog
    active: true
    attributes: {  }
    children: [{ url: /posts, title: 'All posts', active: false, attributes: {  }, children: {  } }, { url: /topics, title: Topics, active: true, attributes: {  }, children: {  } }]
